<html>
<head>
    <meta charset="utf-8">
    <meta http-equiv="X-UA-Compatible" content="IE=edge,chrome=1">
    <title>A nice contact page</title>
        <link href="/css/_reset.css" type="text/css" media="screen" rel="stylesheet"/>
    <link href="/css/fonts.css" type="text/css" media="screen" rel="stylesheet"/>
    <link href="/css/base.css" type="text/css" media="screen" rel="stylesheet"/>
    <link href="/css/links.css" type="text/css" media="screen" rel="stylesheet"/>
    <!--[if lt IE 9]>
    <script src="/js/ie9shiv.js" type="text/javascript"></script>
    <![endif]-->
    <script src="/js/base.js" type="text/javascript"></script>
    <link rel="shortcut icon" href="/assets/favicon.ico"/>
</head>
<body>
    <header>A nice contact page</header>
    <nav>
    <div>Menuitem 1</div>
    <div>Menuitem 2</div>
</nav>
    

    
    <div>Some other information how to contact us.</div>
    <footer>Some nice product page with information about how cool this product is!&lt;br /&gt;Some other links about this product or how to &lt;a href=&quot;#&quot;&gt;order&lt;/a&gt; this.</footer>
</body>
</html>