<html>
<head>
    <meta charset="utf-8">
    <meta http-equiv="X-UA-Compatible" content="IE=edge,chrome=1">
    <title>A nice contact page</title>
        <link rel="shortcut icon" href="/assets/favicon.ico"/>
    <link href="/css/4f75ea2161c05386347cbd6c7fc83ffc.css" type="text/css" media="screen" rel="stylesheet"/>
    <!--[if lt IE 9]>
    <script src="/js/cc824afd05c5ee95cc3b60b99019d144-IE-lt-9.js" type="text/javascript"></script>
    <![endif]-->
    <script src="/js/25fd9f30dff6a8a28c1cf109928c6d63.js" type="text/javascript"></script>
</head>
<body>
    <header>A nice contact page</header>
    <nav>
    <div>Menuitem 1</div>
    <div>Menuitem 2</div>
</nav>
    

    
    <div>Some other information how to contact us.</div>
    <footer>Some contact information about how to get in touch with us.</footer>
</body>
</html>