<html>
<head>
    <meta charset="utf-8">
    <meta http-equiv="X-UA-Compatible" content="IE=edge,chrome=1">
    <title>A new page title.</title>
        <link rel="shortcut icon" href="/assets/favicon.ico"/>
    <link href="/css/af030b6a9e7316aa062a5ed6e62d8b71.css" type="text/css" media="screen" rel="stylesheet"/>
    <!--[if lt IE 9]>
    <script src="/js/cc824afd05c5ee95cc3b60b99019d144-IE-lt-9.js" type="text/javascript"></script>
    <![endif]-->
    <script src="/js/e802a9500abaad4462bf3881c5cfc3b2.js" type="text/javascript"></script>
</head>
<body>
    <header></header>
<nav>
    <div>Menuitem 1</div>
    <div>Menuitem 2</div>
</nav>
    
    <section>
        <article>
            <h1>Welcome</h1>
            <div>At our new test site.</div>
        </article>
    </section>
    <footer>Some contact information about how to get in touch with us.</footer>
</body>
</html>